TARGET verify_all: head=9ff4c6b07275b737aafb198cdab85ad3fae8058c base=none tree=dirty:211 files files=1 scripts/verify_all.py
VERIFY-ALL: 11 limbs, all run, fail-closed. root=F:\mh-gate
  [          REFUSED] unit tests (pytest tests/)  (1777s)
        TARGET verify_all.limb_unit_tests: head=9ff4c6b07275b737aafb198cdab85ad3fae8058c base=none tree=dirty:211 files files=194 tests/_contracts.py tests/_families.py tests/conftest.py ...
        =========================== short test summary info ===========================
        FAILED tests/test_gate.py::test_real_review_reproduces_and_passes_full_gate
        FAILED tests/test_result_withdrawn.py::test_withdrawn_page_pools_nothing_states_everything_and_passes_the_gate[dapagliflozin-hfpef-hosp]
        FAILED tests/test_sign_walk.py::test_process_presents_one_then_exits_without_writing[args0]
        FAILED tests/test_sign_walk.py::test_process_presents_one_then_exits_without_writing[args1]
        FAILED tests/test_sign_walk.py::test_process_presents_one_then_exits_without_writing[args2]
        ERROR tests/test_sign_walk.py::test_order_is_mandatory_then_contiguous_shared_groups_then_remainder
        ERROR tests/test_sign_walk.py::test_every_notice_presents_exact_live_selection_digest_and_audit_recommendation
        ERROR tests/test_sign_walk.py::test_all_duplicate_chains_name_actual_previous_signature
        ERROR tests/test_sign_walk.py::test_group_argument_once_in_order_and_explicit_reread
        ERROR tests/test_sign_walk.py::test_stale_audited_notice_refuses_before_command
        ERROR tests/test_sign_walk.py::test_broken_chain_refuses_before_command - Val...
        ERROR tests/test_sign_walk.py::test_new_open_notice_without_audit_is_not_silently_skipped
        ERROR tests/test_sign_walk.py::test_audit_identifiers_and_candidate_values_resolve_to_held_source_records
        5 failed, 1462 passed, 4 xfailed, 8 errors in 1596.75s (0:26:36)
  [             PASS] offline reproduction (every live page replays from committed cache)  (190s)
        TARGET verify_all.limb_reproduction: head=9ff4c6b07275b737aafb198cdab85ad3fae8058c base=none tree=dirty:212 files files=33 scripts/reproduce_review.py docs/reviews/balanced-crystalloids-vs-saline-mortality/review.json docs/reviews/colchicine-postop-af/review.json ...
  [          REFUSED] publication gate on every live review page  (283s)
        TARGET verify_all.limb_gate_every_page: head=9ff4c6b07275b737aafb198cdab85ad3fae8058c base=none tree=dirty:212 files files=32 docs/reviews/balanced-crystalloids-vs-saline-mortality/review.json docs/reviews/colchicine-postop-af/review.json docs/reviews/colchicine-recurrent-pericarditis/review.json ...
        balanced-crystalloids-vs-saline-mortality: result_change_countersigned: Mortality: reviewer_countersignature OPEN: the reviewer has not seen the rendered notice; L1: primary outcome 'Mortality' has no pooled result (k=None) — a page whose primary claim is absent must not publish
        colchicine-postop-af: result_change_countersigned: Postoperative atrial fibrillation: reviewer_countersignature OPEN: the reviewer has not seen the rendered notice
        colchicine-secondary-cv-prevention: result_change_countersigned: Trial-defined major coronary/cardiovascular composite: reviewer_countersignature OPEN: the reviewer has not seen the rendered notice; result_change_countersigned: Gastrointestinal adverse effects: reviewer_countersignature OPEN: the reviewer has not seen the rendered notice; result_change_countersigned: Non-cardiovascular death: reviewer_countersignature OPEN: the reviewer has not seen the rendered notice
        corticosteroids-cap-mortality: result_change_countersigned: Hyperglycaemia: reviewer_countersignature OPEN: the reviewer has not seen the rendered notice
        corticosteroids-covid19-mortality: result_change_countersigned: 28-day all-cause mortality: reviewer_countersignature OPEN: the reviewer has not seen the rendered notice; result_change_countersigned: Serious adverse events: reviewer_countersignature OPEN: the reviewer has not seen the rendered notice; L1: primary outcome '28-day all-cause mortality' has no pooled result (k=None) — a page whose primary claim is absent must not publish
        dapagliflozin-hfpef-hosp: result_change_countersigned: Adverse events: reviewer_countersignature OPEN: the reviewer has not seen the rendered notice
        denosumab-vertebral-fracture: result_change_countersigned: New vertebral fracture: reviewer_countersignature OPEN: the reviewer has not seen the rendered notice; result_change_countersigned: Nonvertebral fracture: reviewer_countersignature OPEN: the reviewer has not seen the rendered notice; result_change_countersigned: Hip fracture: reviewer_countersignature OPEN: the reviewer has not seen the rendered notice; L1: primary outcome 'New vertebral fracture' has no pooled result (k=None) — a page whose primary claim is absent must not publish
        doac-vte-recurrence: result_change_countersigned: Symptomatic recurrent VTE (DVT / nonfatal PE / fatal PE or VTE-related death): reviewer_countersignature OPEN: the reviewer has not seen the rendered notice; result_change_countersigned: Major bleeding: reviewer_countersignature OPEN: the reviewer has not seen the rendered notice; result_change_countersigned: Major or clinically relevant nonmajor bleeding: reviewer_countersignature OPEN: the reviewer has not seen the rendered notice; result_change_countersigned: Any bleeding: reviewer_countersignature OPEN: the reviewer has not seen the rendered notice; L1: primary outcome 'Symptomatic recurrent VTE (DVT / nonfatal PE / fatal PE or VTE-related death)' has no pooled result (k=None) — a page whose primary claim is absent must not publish
        dpp4-mace-t2d: result_change_countersigned: 3-point major adverse cardiovascular events: reviewer_countersignature OPEN: the reviewer has not seen the rendered notice; result_change_countersigned: Adverse events: reviewer_countersignature OPEN: the reviewer has not seen the rendered notice; result_change_countersigned: Hypoglycemia: reviewer_countersignature OPEN: the reviewer has not seen the rendered notice
        esketamine-trd-madrs: result_change_countersigned: Observed-case Day-28 raw change-score MADRS MD: reviewer_countersignature OPEN: the reviewer has not seen the rendered notice; result_change_countersigned: Adverse events: reviewer_countersignature OPEN: the reviewer has not seen the rendered notice
        glp1-ra-mace-t2d: result_change_countersigned: 3-point major adverse cardiovascular events: reviewer_countersignature OPEN: the reviewer has not seen the rendered notice
        iv-iron-hfref-hosp: result_change_countersigned: Heart-failure hospitalization: reviewer_countersignature OPEN: the reviewer has not seen the rendered notice
        metformin-pcos-ovulation: result_change_countersigned: Ovulation with metformin added to clomifene: reviewer_countersignature OPEN: the reviewer has not seen the rendered notice; L1: primary outcome 'Ovulation with metformin added to clomifene' has no pooled result (k=None) — a page whose primary claim is absent must not publish
        noac-vs-warfarin-af-stroke: result_change_countersigned: Stroke or systemic embolism: reviewer_countersignature OPEN: the reviewer has not seen the rendered notice; L1: primary outcome 'Stroke or systemic embolism' has no pooled result (k=None) — a page whose primary claim is absent must not publish
        omega3-cardiovascular-events: result_change_countersigned: Major vascular events / MACE: reviewer_countersignature OPEN: the reviewer has not seen the rendered notice; result_change_countersigned: Atrial fibrillation: reviewer_countersignature OPEN: the reviewer has not seen the rendered notice
        pcsk9-mace: result_change_countersigned: Major adverse cardiovascular events: reviewer_countersignature OPEN: the reviewer has not seen the rendered notice
        probiotics-aad-prevention: result_change_countersigned: Antibiotic-associated diarrhoea: reviewer_countersignature OPEN: the reviewer has not seen the rendered notice; result_change_countersigned: Any adverse events: reviewer_countersignature OPEN: the reviewer has not seen the rendered notice; result_change_countersigned: Serious adverse events: reviewer_countersignature OPEN: the reviewer has not seen the rendered notice; L1: primary outcome 'Antibiotic-associated diarrhoea' has no pooled result (k=None) — a page whose primary claim is absent must not publish
        sacubitril-valsartan-hfref: result_change_countersigned: Composite cardiovascular death or heart-failure hospitalization: reviewer_countersignature OPEN: the reviewer has not seen the rendered notice; L1: primary outcome 'Composite cardiovascular death or heart-failure hospitalization' has no pooled result (k=None) — a page whose primary claim is absent must not publish
        semaglutide-obesity-mace: result_change_countersigned: 3-point major adverse cardiovascular events: reviewer_countersignature OPEN: the reviewer has not seen the rendered notice; result_change_countersigned: Adverse events leading to permanent discontinuation: reviewer_countersignature OPEN: the reviewer has not seen the rendered notice; L1: primary outcome '3-point major adverse cardiovascular events' has no pooled result (k=None) — a page whose primary claim is absent must not publish
        sglt2-primary-prevention-hf: result_change_countersigned: Hospitalization for heart failure: reviewer_countersignature OPEN: the reviewer has not seen the rendered notice; result_change_countersigned: Lower-limb amputation: reviewer_countersignature OPEN: the reviewer has not seen the rendered notice
        spironolactone-hfref-mortality: result_change_countersigned: All-cause mortality: reviewer_countersignature OPEN: the reviewer has not seen the rendered notice
        statins-primary-prevention-elderly: result_change_countersigned: Major vascular events: reviewer_countersignature OPEN: the reviewer has not seen the rendered notice
        ticagrelor-vs-clopidogrel-acs: result_change_countersigned: Major adverse cardiovascular events: cardiovascular death, myocardial infarction, or stroke: reviewer_countersignature OPEN: the reviewer has not seen the rendered notice; result_change_countersigned: Major bleeding: reviewer_countersignature OPEN: the reviewer has not seen the rendered notice; L1: primary outcome 'Major adverse cardiovascular events: cardiovascular death, myocardial infarction, or stroke' has no pooled result (k=None) — a page whose primary claim is absent must not publish
        tocilizumab-covid19-mortality: result_change_countersigned: 28-day all-cause mortality: reviewer_countersignature OPEN: the reviewer has not seen the rendered notice; L1: primary outcome '28-day all-cause mortality' has no pooled result (k=None) — a page whose primary claim is absent must not publish
  [          REFUSED] index currency (generated == committed docs/index.html)  (125s)
        TARGET verify_all.limb_index_currency: head=9ff4c6b07275b737aafb198cdab85ad3fae8058c base=none tree=dirty:212 files files=755 docs/index.html docs/evidence/CAPTIONS.json docs/evidence/CAPTIONS.json ...
        evidence index STALE: docs\evidence\m2-hand-row-binding-2026-09-20\index.html, docs\evidence\m2-hand-row-binding-2026-09-20\README.md.html
  [             PASS] served-artefact leak scan (docs/*.json)  (14s)
        TARGET verify_all.limb_leak_scan: head=9ff4c6b07275b737aafb198cdab85ad3fae8058c base=none tree=dirty:212 files files=124 docs/adjustment_label_sweep.json docs/arm_object_sweep.json docs/class_discovery.json ...
  [             PASS] held-out leak detector (registry/heldout_sealed.json)  (1481s)
        TARGET verify_all.limb_heldout: head=9ff4c6b07275b737aafb198cdab85ad3fae8058c base=none tree=dirty:212 files files=3 registry/heldout_sealed.json docs/search_recall_regression_corpus.json harness/acquisition.py
  [             PASS] search completeness (search_v2 measurement current; every state explicit; no zero from an exit code)  (11s)
        TARGET verify_all.limb_search_completeness: head=9ff4c6b07275b737aafb198cdab85ad3fae8058c base=none tree=dirty:212 files files=3 registry/search_completeness.json harness/search_v2.py harness/search_completeness.py
  [             PASS] fix-state discipline (registry/fixes.json)  (117s)
        TARGET verify_all.limb_fixstate: head=9ff4c6b07275b737aafb198cdab85ad3fae8058c base=none tree=dirty:212 files files=3 registry/fixes.json docs/fix_ledger.json scripts/render_fix_ledger.py
  [             PASS] honest-state ratchet (no page may get quieter)  (33s)
        TARGET verify_all.limb_honest_ratchet: head=9ff4c6b07275b737aafb198cdab85ad3fae8058c base=none tree=dirty:212 files files=34 docs/index.html docs/ratchet_acknowledgements.json docs/reviews/balanced-crystalloids-vs-saline-mortality/index.html ...
        TARGET honest_ratchet: head=9ff4c6b07275b737aafb198cdab85ad3fae8058c base=38c04411484dbea035a8e4c8e22c57c2794f9495 tree=dirty:212 files files=34 docs/index.html docs/reviews/balanced-crystalloids-vs-saline-mortality/index.html docs/reviews/colchicine-postop-af/index.html ... base_resolution=merge-base origin/main pages=33 block_floor_refs=38c04411484dbea035a8e4c8e22c57c2794f9495,50f5a67b4fb19ada4716a0df6e6b68c2e4618304
  [             PASS] gate scorecard (every gate accounted for)  (5s)
        TARGET verify_all.limb_gate_scorecard: head=9ff4c6b07275b737aafb198cdab85ad3fae8058c base=none tree=dirty:212 files files=3 registry/gate_scorecard.json docs/gate_scorecard.json harness/gate_scorecard.py
        TARGET gate_scorecard: head=9ff4c6b07275b737aafb198cdab85ad3fae8058c base=none tree=dirty:212 files files=6 registry/gate_scorecard.json docs/gate_scorecard.json scripts/verify_all.py ...
  [             PASS] gate gaps table (sealed what-it-would-not-stop rows)  (7s)
VERIFY-ALL: REFUSED -- 3 of 11 limbs not PASS. Fix the harness, never the gate.
