2026-09-15T14:32:48Z refresh balanced-crystalloids-vs-saline-mortality (DEVELOPMENT) -> 2026-09-15r3-search_v2
2026-09-15T14:35:02Z archived 82 raw bodies from cache/balanced-crystalloids-vs-saline-mortality/snapshots/2026-09-15r3-search_v2
2026-09-15T14:35:07Z done balanced-crystalloids-vs-saline-mortality: RAN_OK_WITH_SOURCE_ERRORS candidates=1997 sources_ran_error=8
2026-09-15T14:35:08Z refresh colchicine-postop-af (MEASUREMENT) -> 2026-09-15r3-search_v2
2026-09-15T14:36:20Z archived 54 raw bodies from cache/colchicine-postop-af/snapshots/2026-09-15r3-search_v2
2026-09-15T14:36:22Z done colchicine-postop-af: RAN_OK_WITH_SOURCE_ERRORS candidates=545 sources_ran_error=7
2026-09-15T14:36:22Z refresh colchicine-recurrent-pericarditis (DEVELOPMENT) -> 2026-09-15r3-search_v2
2026-09-15T14:37:14Z archived 29 raw bodies from cache/colchicine-recurrent-pericarditis/snapshots/2026-09-15r3-search_v2
2026-09-15T14:37:16Z done colchicine-recurrent-pericarditis: RAN_OK_WITH_SOURCE_ERRORS candidates=646 sources_ran_error=4
2026-09-15T14:37:16Z refresh colchicine-secondary-cv-prevention (MEASUREMENT) -> 2026-09-15r3-search_v2
2026-09-15T14:42:30Z archived 139 raw bodies from cache/colchicine-secondary-cv-prevention/snapshots/2026-09-15r3-search_v2
2026-09-15T14:42:47Z done colchicine-secondary-cv-prevention: RAN_OK_WITH_SOURCE_ERRORS candidates=3734 sources_ran_error=21
2026-09-15T14:42:48Z refresh corticosteroids-cap-mortality (MEASUREMENT) -> 2026-09-15r3-search_v2
2026-09-15T14:45:03Z archived 75 raw bodies from cache/corticosteroids-cap-mortality/snapshots/2026-09-15r3-search_v2
2026-09-15T14:45:09Z done corticosteroids-cap-mortality: RAN_OK_WITH_SOURCE_ERRORS candidates=1480 sources_ran_error=10
2026-09-15T14:45:09Z refresh corticosteroids-covid19-mortality (DEVELOPMENT) -> 2026-09-15r3-search_v2
2026-09-15T14:52:26Z archived 157 raw bodies from cache/corticosteroids-covid19-mortality/snapshots/2026-09-15r3-search_v2
2026-09-15T14:52:56Z done corticosteroids-covid19-mortality: RAN_OK_WITH_SOURCE_ERRORS candidates=10841 sources_ran_error=7
2026-09-15T14:52:56Z refresh dapagliflozin-hfpef-hosp (MEASUREMENT) -> 2026-09-15r3-search_v2
2026-09-15T14:54:50Z archived 56 raw bodies from cache/dapagliflozin-hfpef-hosp/snapshots/2026-09-15r3-search_v2
2026-09-15T14:54:57Z done dapagliflozin-hfpef-hosp: RAN_OK_WITH_SOURCE_ERRORS candidates=2758 sources_ran_error=4
2026-09-15T14:54:58Z refresh denosumab-vertebral-fracture (MEASUREMENT) -> 2026-09-15r3-search_v2
2026-09-15T14:56:17Z archived 41 raw bodies from cache/denosumab-vertebral-fracture/snapshots/2026-09-15r3-search_v2
2026-09-15T14:56:21Z done denosumab-vertebral-fracture: RAN_OK_WITH_SOURCE_ERRORS candidates=2569 sources_ran_error=2
2026-09-15T14:56:22Z refresh doac-vte-recurrence (DEVELOPMENT) -> 2026-09-15r3-search_v2
2026-09-15T15:01:24Z archived 151 raw bodies from cache/doac-vte-recurrence/snapshots/2026-09-15r3-search_v2
2026-09-15T15:01:39Z done doac-vte-recurrence: RAN_OK_WITH_SOURCE_ERRORS candidates=5385 sources_ran_error=7
2026-09-15T15:01:40Z refresh dpp4-mace-t2d (DEVELOPMENT) -> 2026-09-15r3-search_v2
2026-09-15T15:06:42Z archived 164 raw bodies from cache/dpp4-mace-t2d/snapshots/2026-09-15r3-search_v2
2026-09-15T15:07:02Z done dpp4-mace-t2d: RAN_OK_WITH_SOURCE_ERRORS candidates=6478 sources_ran_error=6
2026-09-15T15:07:02Z refresh empagliflozin-hfpef-hosp (MEASUREMENT) -> 2026-09-15r3-search_v2
2026-09-15T15:09:08Z archived 51 raw bodies from cache/empagliflozin-hfpef-hosp/snapshots/2026-09-15r3-search_v2
2026-09-15T15:09:16Z done empagliflozin-hfpef-hosp: RAN_OK_WITH_SOURCE_ERRORS candidates=3868 sources_ran_error=2
2026-09-15T15:09:17Z refresh esketamine-trd-madrs (MEASUREMENT) -> 2026-09-15r3-search_v2
2026-09-15T15:11:07Z archived 70 raw bodies from cache/esketamine-trd-madrs/snapshots/2026-09-15r3-search_v2
2026-09-15T15:11:10Z done esketamine-trd-madrs: RAN_OK_WITH_SOURCE_ERRORS candidates=1145 sources_ran_error=11
2026-09-15T15:11:11Z refresh finerenone-ckd-t2d-renal (MEASUREMENT) -> 2026-09-15r3-search_v2
2026-09-15T15:13:58Z archived 57 raw bodies from cache/finerenone-ckd-t2d-renal/snapshots/2026-09-15r3-search_v2
2026-09-15T15:14:09Z done finerenone-ckd-t2d-renal: RAN_OK_WITH_SOURCE_ERRORS candidates=2795 sources_ran_error=4
2026-09-15T15:14:11Z refresh glp1-ra-mace-t2d (DEVELOPMENT) -> 2026-09-15r3-search_v2
2026-09-15T15:27:48Z archived 280 raw bodies from cache/glp1-ra-mace-t2d/snapshots/2026-09-15r3-search_v2
2026-09-15T15:28:38Z done glp1-ra-mace-t2d: RAN_OK_WITH_SOURCE_ERRORS candidates=12292 sources_ran_error=10
2026-09-15T15:28:39Z refresh iv-iron-hfref-hosp (MEASUREMENT) -> 2026-09-15r3-search_v2
2026-09-15T15:31:43Z archived 83 raw bodies from cache/iv-iron-hfref-hosp/snapshots/2026-09-15r3-search_v2
2026-09-15T15:31:51Z done iv-iron-hfref-hosp: RAN_OK_WITH_SOURCE_ERRORS candidates=2284 sources_ran_error=10
2026-09-15T15:31:52Z refresh melatonin-primary-insomnia-sol (DEVELOPMENT) -> 2026-09-15r3-search_v2
2026-09-15T15:33:31Z archived 66 raw bodies from cache/melatonin-primary-insomnia-sol/snapshots/2026-09-15r3-search_v2
2026-09-15T15:33:33Z done melatonin-primary-insomnia-sol: RAN_OK_WITH_SOURCE_ERRORS candidates=1170 sources_ran_error=9
2026-09-15T15:33:34Z refresh metformin-pcos-ovulation (DEVELOPMENT) -> 2026-09-15r3-search_v2
2026-09-15T15:35:58Z archived 92 raw bodies from cache/metformin-pcos-ovulation/snapshots/2026-09-15r3-search_v2
2026-09-15T15:36:02Z done metformin-pcos-ovulation: RAN_OK_WITH_SOURCE_ERRORS candidates=1917 sources_ran_error=13
2026-09-15T15:36:02Z refresh noac-vs-warfarin-af-stroke (MEASUREMENT) -> 2026-09-15r3-search_v2
2026-09-15T15:47:22Z archived 256 raw bodies from cache/noac-vs-warfarin-af-stroke/snapshots/2026-09-15r3-search_v2
2026-09-15T15:48:08Z done noac-vs-warfarin-af-stroke: RAN_OK_WITH_SOURCE_ERRORS candidates=12269 sources_ran_error=5
2026-09-15T15:48:10Z refresh omega3-cardiovascular-events (MEASUREMENT) -> 2026-09-15r3-search_v2
2026-09-15T15:59:48Z archived 379 raw bodies from cache/omega3-cardiovascular-events/snapshots/2026-09-15r3-search_v2
2026-09-15T16:00:43Z done omega3-cardiovascular-events: RAN_OK_WITH_SOURCE_ERRORS candidates=16928 sources_ran_error=19
2026-09-15T16:00:44Z refresh pcsk9-mace (MEASUREMENT) -> 2026-09-15r3-search_v2
2026-09-15T16:04:29Z archived 92 raw bodies from cache/pcsk9-mace/snapshots/2026-09-15r3-search_v2
2026-09-15T16:04:50Z done pcsk9-mace: RAN_OK_WITH_SOURCE_ERRORS candidates=5647 sources_ran_error=3
2026-09-15T16:04:52Z refresh probiotics-aad-prevention (DEVELOPMENT) -> 2026-09-15r3-search_v2
2026-09-15T16:11:51Z archived 270 raw bodies from cache/probiotics-aad-prevention/snapshots/2026-09-15r3-search_v2
2026-09-15T16:11:59Z done probiotics-aad-prevention: RAN_OK_WITH_SOURCE_ERRORS candidates=2083 sources_ran_error=52
2026-09-15T16:12:00Z refresh sacubitril-valsartan-hfref (MEASUREMENT) -> 2026-09-15r3-search_v2
2026-09-15T16:14:58Z archived 74 raw bodies from cache/sacubitril-valsartan-hfref/snapshots/2026-09-15r3-search_v2
2026-09-15T16:15:13Z done sacubitril-valsartan-hfref: RAN_OK_WITH_SOURCE_ERRORS candidates=5624 sources_ran_error=2
2026-09-15T16:15:15Z refresh semaglutide-obesity-mace (DEVELOPMENT) -> 2026-09-15r3-search_v2
2026-09-15T16:16:43Z archived 44 raw bodies from cache/semaglutide-obesity-mace/snapshots/2026-09-15r3-search_v2
2026-09-15T16:16:51Z done semaglutide-obesity-mace: RAN_OK_WITH_SOURCE_ERRORS candidates=2845 sources_ran_error=2
2026-09-15T16:16:54Z refresh semaglutide-obesity-weight (MEASUREMENT) -> 2026-09-15r3-search_v2
2026-09-15T16:20:51Z archived 127 raw bodies from cache/semaglutide-obesity-weight/snapshots/2026-09-15r3-search_v2
2026-09-15T16:21:09Z done semaglutide-obesity-weight: RAN_OK_WITH_SOURCE_ERRORS candidates=5402 sources_ran_error=12
2026-09-15T16:21:11Z refresh sglt2-ckd-progression (DEVELOPMENT) -> 2026-09-15r3-search_v2
2026-09-15T16:27:21Z archived 136 raw bodies from cache/sglt2-ckd-progression/snapshots/2026-09-15r3-search_v2
2026-09-15T16:27:56Z done sglt2-ckd-progression: RAN_OK_WITH_SOURCE_ERRORS candidates=8188 sources_ran_error=4
2026-09-15T16:27:59Z refresh sglt2-hfref-hosp-cvdeath (MEASUREMENT) -> 2026-09-15r3-search_v2
2026-09-15T16:33:43Z archived 131 raw bodies from cache/sglt2-hfref-hosp-cvdeath/snapshots/2026-09-15r3-search_v2
2026-09-15T16:34:18Z done sglt2-hfref-hosp-cvdeath: RAN_OK_WITH_SOURCE_ERRORS candidates=8145 sources_ran_error=3
2026-09-15T16:34:20Z refresh sglt2-primary-prevention-hf (MEASUREMENT) -> 2026-09-15r3-search_v2
2026-09-15T16:48:58Z archived 349 raw bodies from cache/sglt2-primary-prevention-hf/snapshots/2026-09-15r3-search_v2
2026-09-15T16:51:31Z done sglt2-primary-prevention-hf: RAN_OK_WITH_SOURCE_ERRORS candidates=15622 sources_ran_error=20
2026-09-15T16:51:36Z refresh spironolactone-hfref-mortality (MEASUREMENT) -> 2026-09-15r3-search_v2
2026-09-15T16:55:42Z archived 114 raw bodies from cache/spironolactone-hfref-mortality/snapshots/2026-09-15r3-search_v2
2026-09-15T16:55:58Z done spironolactone-hfref-mortality: RAN_OK_WITH_SOURCE_ERRORS candidates=8142 sources_ran_error=4
2026-09-15T16:56:01Z refresh statins-primary-prevention-elderly (MEASUREMENT) -> 2026-09-15r3-search_v2
2026-09-15T16:58:08Z archived 77 raw bodies from cache/statins-primary-prevention-elderly/snapshots/2026-09-15r3-search_v2
2026-09-15T16:58:17Z done statins-primary-prevention-elderly: RAN_OK_WITH_SOURCE_ERRORS candidates=1252 sources_ran_error=6
2026-09-15T16:58:21Z refresh ticagrelor-vs-clopidogrel-acs (MEASUREMENT) -> 2026-09-15r3-search_v2
2026-09-15T17:02:04Z archived 93 raw bodies from cache/ticagrelor-vs-clopidogrel-acs/snapshots/2026-09-15r3-search_v2
2026-09-15T17:02:30Z done ticagrelor-vs-clopidogrel-acs: RAN_OK_WITH_SOURCE_ERRORS candidates=5946 sources_ran_error=4
2026-09-15T17:02:35Z refresh tocilizumab-covid19-mortality (MEASUREMENT) -> 2026-09-15r3-search_v2
2026-09-15T17:06:52Z archived 107 raw bodies from cache/tocilizumab-covid19-mortality/snapshots/2026-09-15r3-search_v2
2026-09-15T17:07:14Z done tocilizumab-covid19-mortality: RAN_OK_WITH_SOURCE_ERRORS candidates=3819 sources_ran_error=11
2026-09-15T17:07:16Z refresh tranexamic-acid-pph (MEASUREMENT) -> 2026-09-15r3-search_v2
2026-09-15T17:08:10Z archived 39 raw bodies from cache/tranexamic-acid-pph/snapshots/2026-09-15r3-search_v2
2026-09-15T17:08:12Z done tranexamic-acid-pph: RAN_OK_WITH_SOURCE_ERRORS candidates=1170 sources_ran_error=4
2026-09-15T17:08:15Z RUN r3 scope=all: states={'RAN_OK_WITH_SOURCE_ERRORS': 32} NOT_RUN=0 of 32 -> outputs\search_v2\candidates-2026-09-15r3-all.json
