2026-09-15T08:42:15Z refresh balanced-crystalloids-vs-saline-mortality (DEVELOPMENT) -> 2026-09-15r2-search_v2
2026-09-15T08:44:17Z archived 81 raw bodies from cache/balanced-crystalloids-vs-saline-mortality/snapshots/2026-09-15r2-search_v2
2026-09-15T08:44:37Z uploaded raw-balanced-crystalloids-vs-saline-mortality-2026-09-15r2-search_v2.tar.gz bytes=28545215 sha256=45932b46967f7dff remote_size=28545215
2026-09-15T08:44:37Z done balanced-crystalloids-vs-saline-mortality: RAN_OK_WITH_SOURCE_ERRORS candidates=1991 sources_ran_error=8
2026-09-15T08:44:37Z refresh colchicine-postop-af (MEASUREMENT) -> 2026-09-15r2-search_v2
2026-09-15T08:45:46Z archived 53 raw bodies from cache/colchicine-postop-af/snapshots/2026-09-15r2-search_v2
2026-09-15T08:45:53Z uploaded raw-colchicine-postop-af-2026-09-15r2-search_v2.tar.gz bytes=8618624 sha256=c21e1da697c74226 remote_size=8618624
2026-09-15T08:45:53Z done colchicine-postop-af: RAN_OK_WITH_SOURCE_ERRORS candidates=540 sources_ran_error=7
2026-09-15T08:45:54Z refresh colchicine-recurrent-pericarditis (DEVELOPMENT) -> 2026-09-15r2-search_v2
2026-09-15T08:46:36Z archived 28 raw bodies from cache/colchicine-recurrent-pericarditis/snapshots/2026-09-15r2-search_v2
2026-09-15T08:46:45Z uploaded raw-colchicine-recurrent-pericarditis-2026-09-15r2-search_v2.tar.gz bytes=8890229 sha256=71bcf0a8a7f91168 remote_size=8890229
2026-09-15T08:46:45Z done colchicine-recurrent-pericarditis: RAN_OK_WITH_SOURCE_ERRORS candidates=646 sources_ran_error=4
2026-09-15T08:46:45Z refresh colchicine-secondary-cv-prevention (MEASUREMENT) -> 2026-09-15r2-search_v2
2026-09-15T08:51:01Z archived 138 raw bodies from cache/colchicine-secondary-cv-prevention/snapshots/2026-09-15r2-search_v2
2026-09-15T08:51:56Z uploaded raw-colchicine-secondary-cv-prevention-2026-09-15r2-search_v2.tar.gz bytes=85278761 sha256=dfbfd69d66a2569f remote_size=85278761
2026-09-15T08:51:56Z done colchicine-secondary-cv-prevention: RAN_OK_WITH_SOURCE_ERRORS candidates=3726 sources_ran_error=21
2026-09-15T08:51:57Z refresh corticosteroids-cap-mortality (MEASUREMENT) -> 2026-09-15r2-search_v2
2026-09-15T08:53:59Z archived 74 raw bodies from cache/corticosteroids-cap-mortality/snapshots/2026-09-15r2-search_v2
2026-09-15T08:54:18Z uploaded raw-corticosteroids-cap-mortality-2026-09-15r2-search_v2.tar.gz bytes=27048770 sha256=88c621e82c4820bd remote_size=27048770
2026-09-15T08:54:18Z done corticosteroids-cap-mortality: RAN_OK_WITH_SOURCE_ERRORS candidates=1465 sources_ran_error=10
2026-09-15T08:54:19Z refresh corticosteroids-covid19-mortality (DEVELOPMENT) -> 2026-09-15r2-search_v2
2026-09-15T09:01:16Z archived 155 raw bodies from cache/corticosteroids-covid19-mortality/snapshots/2026-09-15r2-search_v2
2026-09-15T09:02:57Z uploaded raw-corticosteroids-covid19-mortality-2026-09-15r2-search_v2.tar.gz bytes=165145973 sha256=3d6030d8695f16f6 remote_size=165145973
2026-09-15T09:02:57Z done corticosteroids-covid19-mortality: RAN_OK_WITH_SOURCE_ERRORS candidates=10607 sources_ran_error=7
2026-09-15T09:02:57Z refresh dapagliflozin-hfpef-hosp (MEASUREMENT) -> 2026-09-15r2-search_v2
2026-09-15T09:04:46Z archived 55 raw bodies from cache/dapagliflozin-hfpef-hosp/snapshots/2026-09-15r2-search_v2
2026-09-15T09:05:12Z uploaded raw-dapagliflozin-hfpef-hosp-2026-09-15r2-search_v2.tar.gz bytes=40413257 sha256=0da394a1726fd2ef remote_size=40413257
2026-09-15T09:05:12Z done dapagliflozin-hfpef-hosp: RAN_OK_WITH_SOURCE_ERRORS candidates=2757 sources_ran_error=4
2026-09-15T09:05:13Z refresh denosumab-vertebral-fracture (MEASUREMENT) -> 2026-09-15r2-search_v2
2026-09-15T09:06:31Z archived 40 raw bodies from cache/denosumab-vertebral-fracture/snapshots/2026-09-15r2-search_v2
2026-09-15T09:06:47Z uploaded raw-denosumab-vertebral-fracture-2026-09-15r2-search_v2.tar.gz bytes=23603757 sha256=db48efc92b243923 remote_size=23603757
2026-09-15T09:06:47Z done denosumab-vertebral-fracture: RAN_OK_WITH_SOURCE_ERRORS candidates=2569 sources_ran_error=2
2026-09-15T09:06:48Z refresh doac-vte-recurrence (DEVELOPMENT) -> 2026-09-15r2-search_v2
2026-09-15T09:11:23Z archived 150 raw bodies from cache/doac-vte-recurrence/snapshots/2026-09-15r2-search_v2
2026-09-15T09:12:15Z uploaded raw-doac-vte-recurrence-2026-09-15r2-search_v2.tar.gz bytes=82791842 sha256=3b1523add3ade76c remote_size=82791842
2026-09-15T09:12:15Z done doac-vte-recurrence: RAN_OK_WITH_SOURCE_ERRORS candidates=5342 sources_ran_error=7
2026-09-15T09:12:15Z refresh dpp4-mace-t2d (DEVELOPMENT) -> 2026-09-15r2-search_v2
2026-09-15T09:17:14Z archived 163 raw bodies from cache/dpp4-mace-t2d/snapshots/2026-09-15r2-search_v2
2026-09-15T09:18:23Z uploaded raw-dpp4-mace-t2d-2026-09-15r2-search_v2.tar.gz bytes=110652628 sha256=952fd238a73a24e5 remote_size=110652628
2026-09-15T09:18:23Z done dpp4-mace-t2d: RAN_OK_WITH_SOURCE_ERRORS candidates=6457 sources_ran_error=6
2026-09-15T09:18:23Z refresh empagliflozin-hfpef-hosp (MEASUREMENT) -> 2026-09-15r2-search_v2
2026-09-15T09:20:16Z archived 50 raw bodies from cache/empagliflozin-hfpef-hosp/snapshots/2026-09-15r2-search_v2
2026-09-15T09:20:47Z uploaded raw-empagliflozin-hfpef-hosp-2026-09-15r2-search_v2.tar.gz bytes=48815938 sha256=28cdff06466a78b1 remote_size=48815938
2026-09-15T09:20:47Z done empagliflozin-hfpef-hosp: RAN_OK_WITH_SOURCE_ERRORS candidates=3867 sources_ran_error=2
2026-09-15T09:20:48Z refresh esketamine-trd-madrs (MEASUREMENT) -> 2026-09-15r2-search_v2
2026-09-15T09:22:36Z archived 69 raw bodies from cache/esketamine-trd-madrs/snapshots/2026-09-15r2-search_v2
2026-09-15T09:22:48Z uploaded raw-esketamine-trd-madrs-2026-09-15r2-search_v2.tar.gz bytes=17299627 sha256=8303206b1fc8b464 remote_size=17299627
2026-09-15T09:22:48Z done esketamine-trd-madrs: RAN_OK_WITH_SOURCE_ERRORS candidates=1145 sources_ran_error=11
2026-09-15T09:22:49Z refresh finerenone-ckd-t2d-renal (MEASUREMENT) -> 2026-09-15r2-search_v2
2026-09-15T09:25:15Z archived 56 raw bodies from cache/finerenone-ckd-t2d-renal/snapshots/2026-09-15r2-search_v2
2026-09-15T09:25:54Z uploaded raw-finerenone-ckd-t2d-renal-2026-09-15r2-search_v2.tar.gz bytes=61552608 sha256=66ae658e755d4dfb remote_size=61552608
2026-09-15T09:25:54Z done finerenone-ckd-t2d-renal: RAN_OK_WITH_SOURCE_ERRORS candidates=2794 sources_ran_error=4
2026-09-15T09:25:55Z refresh glp1-ra-mace-t2d (DEVELOPMENT) -> 2026-09-15r2-search_v2
2026-09-15T09:37:13Z archived 279 raw bodies from cache/glp1-ra-mace-t2d/snapshots/2026-09-15r2-search_v2
2026-09-15T09:40:11Z uploaded raw-glp1-ra-mace-t2d-2026-09-15r2-search_v2.tar.gz bytes=295473582 sha256=a6171ad7b15ffb3f remote_size=295473582
2026-09-15T09:40:12Z done glp1-ra-mace-t2d: RAN_OK_WITH_SOURCE_ERRORS candidates=12243 sources_ran_error=10
2026-09-15T09:40:12Z refresh iv-iron-hfref-hosp (MEASUREMENT) -> 2026-09-15r2-search_v2
2026-09-15T09:44:05Z archived 82 raw bodies from cache/iv-iron-hfref-hosp/snapshots/2026-09-15r2-search_v2
2026-09-15T09:44:33Z uploaded raw-iv-iron-hfref-hosp-2026-09-15r2-search_v2.tar.gz bytes=44919425 sha256=221e72d081291c41 remote_size=44919425
2026-09-15T09:44:34Z done iv-iron-hfref-hosp: RAN_OK_WITH_SOURCE_ERRORS candidates=2274 sources_ran_error=10
2026-09-15T09:44:35Z refresh melatonin-primary-insomnia-sol (DEVELOPMENT) -> 2026-09-15r2-search_v2
2026-09-15T09:46:26Z archived 65 raw bodies from cache/melatonin-primary-insomnia-sol/snapshots/2026-09-15r2-search_v2
2026-09-15T09:46:37Z uploaded raw-melatonin-primary-insomnia-sol-2026-09-15r2-search_v2.tar.gz bytes=14241812 sha256=3da0122eebddec9b remote_size=14241812
2026-09-15T09:46:37Z done melatonin-primary-insomnia-sol: RAN_OK_WITH_SOURCE_ERRORS candidates=1141 sources_ran_error=9
2026-09-15T09:46:38Z refresh metformin-pcos-ovulation (DEVELOPMENT) -> 2026-09-15r2-search_v2
2026-09-15T09:49:14Z archived 91 raw bodies from cache/metformin-pcos-ovulation/snapshots/2026-09-15r2-search_v2
2026-09-15T09:49:28Z uploaded raw-metformin-pcos-ovulation-2026-09-15r2-search_v2.tar.gz bytes=20740194 sha256=7a19250371caf3b5 remote_size=20740194
2026-09-15T09:49:28Z done metformin-pcos-ovulation: RAN_OK_WITH_SOURCE_ERRORS candidates=1885 sources_ran_error=13
2026-09-15T09:49:29Z refresh noac-vs-warfarin-af-stroke (MEASUREMENT) -> 2026-09-15r2-search_v2
2026-09-15T10:03:06Z archived 255 raw bodies from cache/noac-vs-warfarin-af-stroke/snapshots/2026-09-15r2-search_v2
2026-09-15T10:05:18Z uploaded raw-noac-vs-warfarin-af-stroke-2026-09-15r2-search_v2.tar.gz bytes=205636314 sha256=7e7a7a2eae76ad2e remote_size=205636314
2026-09-15T10:05:18Z done noac-vs-warfarin-af-stroke: RAN_OK_WITH_SOURCE_ERRORS candidates=12238 sources_ran_error=5
2026-09-15T10:05:19Z refresh omega3-cardiovascular-events (MEASUREMENT) -> 2026-09-15r2-search_v2
2026-09-15T10:33:49Z archived 378 raw bodies from cache/omega3-cardiovascular-events/snapshots/2026-09-15r2-search_v2
2026-09-15T10:36:12Z uploaded raw-omega3-cardiovascular-events-2026-09-15r2-search_v2.tar.gz bytes=235639486 sha256=8335d14a6b406677 remote_size=235639486
2026-09-15T10:36:13Z done omega3-cardiovascular-events: RAN_OK_WITH_SOURCE_ERRORS candidates=16695 sources_ran_error=19
2026-09-15T10:36:14Z refresh pcsk9-mace (MEASUREMENT) -> 2026-09-15r2-search_v2
2026-09-15T10:46:42Z archived 91 raw bodies from cache/pcsk9-mace/snapshots/2026-09-15r2-search_v2
2026-09-15T10:47:37Z uploaded raw-pcsk9-mace-2026-09-15r2-search_v2.tar.gz bytes=87676703 sha256=9eefa5372fd701a7 remote_size=87676703
2026-09-15T10:47:37Z done pcsk9-mace: RAN_OK_WITH_SOURCE_ERRORS candidates=5644 sources_ran_error=3
2026-09-15T10:47:39Z refresh probiotics-aad-prevention (DEVELOPMENT) -> 2026-09-15r2-search_v2
2026-09-15T10:59:03Z archived 269 raw bodies from cache/probiotics-aad-prevention/snapshots/2026-09-15r2-search_v2
2026-09-15T10:59:26Z uploaded raw-probiotics-aad-prevention-2026-09-15r2-search_v2.tar.gz bytes=34650244 sha256=3d817333f0f212ae remote_size=34650244
2026-09-15T10:59:26Z done probiotics-aad-prevention: RAN_OK_WITH_SOURCE_ERRORS candidates=2072 sources_ran_error=52
2026-09-15T10:59:28Z refresh sacubitril-valsartan-hfref (MEASUREMENT) -> 2026-09-15r2-search_v2
2026-09-15T11:07:15Z archived 73 raw bodies from cache/sacubitril-valsartan-hfref/snapshots/2026-09-15r2-search_v2
2026-09-15T11:07:56Z uploaded raw-sacubitril-valsartan-hfref-2026-09-15r2-search_v2.tar.gz bytes=64201077 sha256=5a272e12fdf085d3 remote_size=64201077
2026-09-15T11:07:56Z done sacubitril-valsartan-hfref: RAN_OK_WITH_SOURCE_ERRORS candidates=5619 sources_ran_error=2
2026-09-15T11:07:57Z refresh semaglutide-obesity-mace (DEVELOPMENT) -> 2026-09-15r2-search_v2
2026-09-15T11:12:11Z archived 43 raw bodies from cache/semaglutide-obesity-mace/snapshots/2026-09-15r2-search_v2
2026-09-15T11:12:34Z uploaded raw-semaglutide-obesity-mace-2026-09-15r2-search_v2.tar.gz bytes=33885182 sha256=7365a4c325c595a2 remote_size=33885182
2026-09-15T11:12:34Z done semaglutide-obesity-mace: RAN_OK_WITH_SOURCE_ERRORS candidates=2845 sources_ran_error=2
2026-09-15T11:12:35Z refresh semaglutide-obesity-weight (MEASUREMENT) -> 2026-09-15r2-search_v2
2026-09-15T11:22:14Z archived 126 raw bodies from cache/semaglutide-obesity-weight/snapshots/2026-09-15r2-search_v2
2026-09-15T11:23:08Z uploaded raw-semaglutide-obesity-weight-2026-09-15r2-search_v2.tar.gz bytes=84860987 sha256=927e3f02f7013a69 remote_size=84860987
2026-09-15T11:23:08Z done semaglutide-obesity-weight: RAN_OK_WITH_SOURCE_ERRORS candidates=5388 sources_ran_error=12
2026-09-15T11:23:10Z refresh sglt2-ckd-progression (DEVELOPMENT) -> 2026-09-15r2-search_v2
2026-09-15T11:37:07Z archived 135 raw bodies from cache/sglt2-ckd-progression/snapshots/2026-09-15r2-search_v2
2026-09-15T11:38:45Z uploaded raw-sglt2-ckd-progression-2026-09-15r2-search_v2.tar.gz bytes=158670280 sha256=d2dc2bd7419d70de remote_size=158670280
2026-09-15T11:38:45Z done sglt2-ckd-progression: RAN_OK_WITH_SOURCE_ERRORS candidates=8160 sources_ran_error=4
2026-09-15T11:38:47Z refresh sglt2-hfref-hosp-cvdeath (MEASUREMENT) -> 2026-09-15r2-search_v2
2026-09-15T11:50:04Z archived 129 raw bodies from cache/sglt2-hfref-hosp-cvdeath/snapshots/2026-09-15r2-search_v2
2026-09-15T11:51:39Z uploaded raw-sglt2-hfref-hosp-cvdeath-2026-09-15r2-search_v2.tar.gz bytes=152550985 sha256=5f1d1842b29c50ff remote_size=152550985
2026-09-15T11:51:39Z done sglt2-hfref-hosp-cvdeath: RAN_OK_WITH_SOURCE_ERRORS candidates=8108 sources_ran_error=3
2026-09-15T11:51:41Z refresh sglt2-primary-prevention-hf (MEASUREMENT) -> 2026-09-15r2-search_v2
2026-09-15T12:13:06Z archived 348 raw bodies from cache/sglt2-primary-prevention-hf/snapshots/2026-09-15r2-search_v2
2026-09-15T12:16:30Z uploaded raw-sglt2-primary-prevention-hf-2026-09-15r2-search_v2.tar.gz bytes=330632216 sha256=841a40214bbfabfa remote_size=330632216
2026-09-15T12:16:30Z done sglt2-primary-prevention-hf: RAN_OK_WITH_SOURCE_ERRORS candidates=15569 sources_ran_error=20
2026-09-15T12:16:32Z refresh spironolactone-hfref-mortality (MEASUREMENT) -> 2026-09-15r2-search_v2
2026-09-15T12:22:41Z archived 113 raw bodies from cache/spironolactone-hfref-mortality/snapshots/2026-09-15r2-search_v2
2026-09-15T12:23:31Z uploaded raw-spironolactone-hfref-mortality-2026-09-15r2-search_v2.tar.gz bytes=80076880 sha256=c09aca24b0e87e31 remote_size=80076880
2026-09-15T12:23:32Z done spironolactone-hfref-mortality: RAN_OK_WITH_SOURCE_ERRORS candidates=8105 sources_ran_error=4
2026-09-15T12:23:34Z refresh statins-primary-prevention-elderly (MEASUREMENT) -> 2026-09-15r2-search_v2
2026-09-15T12:27:03Z archived 95 raw bodies from cache/statins-primary-prevention-elderly/snapshots/2026-09-15r2-search_v2
2026-09-15T12:27:30Z uploaded raw-statins-primary-prevention-elderly-2026-09-15r2-search_v2.tar.gz bytes=40833155 sha256=30b3eebca2198d8e remote_size=40833155
2026-09-15T12:27:30Z done statins-primary-prevention-elderly: RAN_OK_WITH_SOURCE_ERRORS candidates=7086 sources_ran_error=5
2026-09-15T12:27:32Z refresh ticagrelor-vs-clopidogrel-acs (MEASUREMENT) -> 2026-09-15r2-search_v2
2026-09-15T12:31:37Z archived 92 raw bodies from cache/ticagrelor-vs-clopidogrel-acs/snapshots/2026-09-15r2-search_v2
2026-09-15T12:32:11Z uploaded raw-ticagrelor-vs-clopidogrel-acs-2026-09-15r2-search_v2.tar.gz bytes=51497777 sha256=e60957e49bb301e8 remote_size=51497777
2026-09-15T12:32:11Z done ticagrelor-vs-clopidogrel-acs: RAN_OK_WITH_SOURCE_ERRORS candidates=5930 sources_ran_error=4
2026-09-15T12:32:13Z refresh tocilizumab-covid19-mortality (MEASUREMENT) -> 2026-09-15r2-search_v2
2026-09-15T12:37:43Z archived 106 raw bodies from cache/tocilizumab-covid19-mortality/snapshots/2026-09-15r2-search_v2
2026-09-15T12:38:49Z uploaded raw-tocilizumab-covid19-mortality-2026-09-15r2-search_v2.tar.gz bytes=101324038 sha256=d1fd32c2f5346410 remote_size=101324038
2026-09-15T12:38:49Z done tocilizumab-covid19-mortality: RAN_OK_WITH_SOURCE_ERRORS candidates=3803 sources_ran_error=11
2026-09-15T12:38:52Z refresh tranexamic-acid-pph (MEASUREMENT) -> 2026-09-15r2-search_v2
2026-09-15T12:40:00Z archived 38 raw bodies from cache/tranexamic-acid-pph/snapshots/2026-09-15r2-search_v2
2026-09-15T12:40:08Z uploaded raw-tranexamic-acid-pph-2026-09-15r2-search_v2.tar.gz bytes=10186992 sha256=9447fc3c7c284cee remote_size=10186992
2026-09-15T12:40:08Z done tranexamic-acid-pph: RAN_OK_WITH_SOURCE_ERRORS candidates=1162 sources_ran_error=4
2026-09-15T12:40:11Z RUN r2 scope=all: states={'RAN_OK_WITH_SOURCE_ERRORS': 32} NOT_RUN=0 of 32 -> outputs\search_v2\candidates-2026-09-15r2-all.json
